../Core/Src/main.c:65:5:main	16	static
../Core/Src/main.c:133:6:SystemClock_Config	88	static
../Core/Src/main.c:180:13:MX_I2C1_Init	8	static
../Core/Src/main.c:211:13:MX_TIM11_Init	8	static
../Core/Src/main.c:242:13:MX_USART1_UART_Init	8	static
../Core/Src/main.c:272:13:MX_USART6_UART_Init	8	static
../Core/Src/main.c:300:13:MX_DMA_Init	16	static
../Core/Src/main.c:318:13:MX_GPIO_Init	40	static
../Core/Src/main.c:353:6:HAL_TIM_PeriodElapsedCallback	16	static
../Core/Src/main.c:361:6:HAL_GPIO_EXTI_Callback	16	static
../Core/Src/main.c:376:6:Error_Handler	4	static
